[www.centroesteticoeurmontagnola.it/index.html]
[backblue.gif]
[fade.gif]
[index.html]
[www.centroesteticoeurmontagnola.it/images/favicon.png]
[www.centroesteticoeurmontagnola.it/js/script.js]
[www.centroesteticoeurmontagnola.it/scripts/jquery343e.js]
[www.centroesteticoeurmontagnola.it/scripts/main343e.js]
[www.centroesteticoeurmontagnola.it/scripts/theme343e.js]
[www.centroesteticoeurmontagnola.it/estetica/medicina-estetica.html]
[www.centroesteticoeurmontagnola.it/estetica/tattoo-piercing.html]
[www.centroesteticoeurmontagnola.it/estetica/trucco-semipermamente.html]
[www.centroesteticoeurmontagnola.it/estetica/estetica-oncologica.html]
[www.centroesteticoeurmontagnola.it/estetica/epilazione-laser-diodo.html]
[www.centroesteticoeurmontagnola.it/estetica/pigmentazione.html]
[www.centroesteticoeurmontagnola.it/estetica/riduzione-acne.html]
[www.centroesteticoeurmontagnola.it/trattamenti/massaggi.html]
[www.centroesteticoeurmontagnola.it/trattamenti/manicure-pedicure.html]
[www.centroesteticoeurmontagnola.it/trattamenti/ricostruzione-unghie.html]
[www.centroesteticoeurmontagnola.it/trattamenti/epilazione.html]
[www.centroesteticoeurmontagnola.it/trattamenti/trattamenti-viso.html]
[www.centroesteticoeurmontagnola.it/trattamenti/trattamenti-corpo.html]
[www.centroesteticoeurmontagnola.it/trattamenti/extension.html]
[www.centroesteticoeurmontagnola.it/trattamenti/make-up.html]
[www.centroesteticoeurmontagnola.it/trattamenti/benessere.html]
[www.centroesteticoeurmontagnola.it/diet-fitness/fitness-wellness.html]
[www.centroesteticoeurmontagnola.it/diet-fitness/diet-e-wellness-coaching.html]
[www.centroesteticoeurmontagnola.it/chi-siamo/dottoressa-monica-gizzi.html]
[www.centroesteticoeurmontagnola.it/chi-siamo/drgimo-montagnola.html]
[www.centroesteticoeurmontagnola.it/gallery.html]
[www.centroesteticoeurmontagnola.it/promozioni.html]
[www.centroesteticoeurmontagnola.it/contattaci.html]
[www.centroesteticoeurmontagnola.it/images/monica_gizzi_centro_estetico_montagnola.jpg]
[www.centroesteticoeurmontagnola.it/images/centro_01.png]
[www.centroesteticoeurmontagnola.it/images/cover/cover_epilazione_laser_diodo.jpg]
[www.centroesteticoeurmontagnola.it/trattamenti/epilazione-laser-diodo]
[www.centroesteticoeurmontagnola.it/trattamenti/tattoo-piercing]
[www.centroesteticoeurmontagnola.it/trattamenti/trucco-semipermanente]
[www.centroesteticoeurmontagnola.it/trattamenti/laser-diodo]
[www.centroesteticoeurmontagnola.it/images/monica_gizzi_intervista_centro_estetic_dr_gimo.jpg]
[www.centroesteticoeurmontagnola.it/images/ornaments_1.png]
[www.centroesteticoeurmontagnola.it/images/bg/7.png]
[www.centroesteticoeurmontagnola.it/images/bg/4.png]
[www.centroesteticoeurmontagnola.it/images/bg/5.png]
[www.centroesteticoeurmontagnola.it/images/portrait_monica_gizzi_dr_gimo.jpg]
[www.centroesteticoeurmontagnola.it/images/icons/2.png]
[www.centroesteticoeurmontagnola.it/trattamenti/nails]
[www.centroesteticoeurmontagnola.it/images/esmeralda_professionista_dermopigmentazione.jpg]
[www.centroesteticoeurmontagnola.it/images/federica_professionista_dermopigmentazione.jpg]
[www.centroesteticoeurmontagnola.it/images/alessandra_centro_dr_gimo.jpg]
[www.centroesteticoeurmontagnola.it/images/ilaria_centro_dr_gimo.jpg]
[www.centroesteticoeurmontagnola.it/images/services/cerchio_medicina_estetica.jpg]
[www.centroesteticoeurmontagnola.it/images/services/cerchio_tatuaggio.jpg]
[www.centroesteticoeurmontagnola.it/images/services/cerchio_tpc_trucco_semipermanente.jpg]
[www.centroesteticoeurmontagnola.it/images/services/cerchio_estetica_oncologica.jpg]
[www.centroesteticoeurmontagnola.it/images/services/cerchio_laser_diodo.jpg]
[www.centroesteticoeurmontagnola.it/images/services/cerchio_pigmentazione.jpg]
[www.centroesteticoeurmontagnola.it/images/services/cerchio_riduzione_acne.jpg]
[www.centroesteticoeurmontagnola.it/images/services/cerchio_massaggi.jpg]
[www.centroesteticoeurmontagnola.it/images/services/cerchio_manicure_pedicure.jpg]
[www.centroesteticoeurmontagnola.it/images/services/cerchio_nails.jpg]
[www.centroesteticoeurmontagnola.it/images/services/cerchio_epilazione.jpg]
[www.centroesteticoeurmontagnola.it/images/services/cerchio_trattamenti_viso.jpg]
[www.centroesteticoeurmontagnola.it/images/services/cerchio_trattamenti_corpo.jpg]
[www.centroesteticoeurmontagnola.it/images/services/cerchio_extension.jpg]
[www.centroesteticoeurmontagnola.it/images/services/cerchio_makeup.jpg]
[www.centroesteticoeurmontagnola.it/images/services/cerchio_benessere.jpg]
[www.centroesteticoeurmontagnola.it/images/services/cerchio_fitness.jpg]
[www.centroesteticoeurmontagnola.it/images/services/cerchio_diet_nutrizione.jpg]
[www.centroesteticoeurmontagnola.it/images/home_01/quote.png]
[www.centroesteticoeurmontagnola.it/images/footer.png]
[www.centroesteticoeurmontagnola.it/index.html]
[www.centroesteticoeurmontagnola.it/images/logo_drgimo.html]
[www.centroesteticoeurmontagnola.it/js/script.html]
[www.centroesteticoeurmontagnola.it/images/revicons90c6.eot]
[www.centroesteticoeurmontagnola.it/images/revicons90c6.woff]
[www.centroesteticoeurmontagnola.it/images/revicons90c6.ttf]
[www.centroesteticoeurmontagnola.it/images/after.png]
[www.centroesteticoeurmontagnola.it/images/8.png]
[www.centroesteticoeurmontagnola.it/images/15.png]
[www.centroesteticoeurmontagnola.it/images/17.png]
[www.centroesteticoeurmontagnola.it/images/18.png]
[www.centroesteticoeurmontagnola.it/images/22.png]
[www.centroesteticoeurmontagnola.it/images/banner_after.png]
[www.centroesteticoeurmontagnola.it/images/27.png]
[www.centroesteticoeurmontagnola.it/images/9.png]
[www.centroesteticoeurmontagnola.it/images/10.png]
[www.centroesteticoeurmontagnola.it/images/21.png]
[www.centroesteticoeurmontagnola.it/images/owl.video.play.png]
[www.centroesteticoeurmontagnola.it/images/icofont.woff2]
[www.centroesteticoeurmontagnola.it/images/icofont.woff]
[www.centroesteticoeurmontagnola.it/images/noun74be.eot]
[www.centroesteticoeurmontagnola.it/images/noun74be.ttf]
[www.centroesteticoeurmontagnola.it/images/noun74be.woff]
[www.centroesteticoeurmontagnola.it/images/MakeOver220e.eot]
[www.centroesteticoeurmontagnola.it/images/MakeOver220e.ttf]
[www.centroesteticoeurmontagnola.it/images/MakeOver220e.woff]
[www.centroesteticoeurmontagnola.it/images/lightcaseeead.eot]
[www.centroesteticoeurmontagnola.it/images/lightcaseeead.woff]
[www.centroesteticoeurmontagnola.it/images/lightcaseeead.ttf]
[www.centroesteticoeurmontagnola.it/styles/styles343e.css]
[www.centroesteticoeurmontagnola.it/styles/main343e.css]
[www.centroesteticoeurmontagnola.it/images/logo_drgimo.svg]
[www.centroesteticoeurmontagnola.it/images/centro_estetico_dr_gimo.png]
[www.centroesteticoeurmontagnola.it/estetica/medicina-estetica.html]
[www.centroesteticoeurmontagnola.it/estetica/tattoo-piercing.html]
[www.centroesteticoeurmontagnola.it/estetica/trucco-semipermamente.html]
[www.centroesteticoeurmontagnola.it/estetica/estetica-oncologica.html]
[www.centroesteticoeurmontagnola.it/estetica/epilazione-laser-diodo.html]
[www.centroesteticoeurmontagnola.it/estetica/pigmentazione.html]
[www.centroesteticoeurmontagnola.it/estetica/riduzione-acne.html]
[www.centroesteticoeurmontagnola.it/trattamenti/massaggi.html]
[www.centroesteticoeurmontagnola.it/trattamenti/manicure-pedicure.html]
[www.centroesteticoeurmontagnola.it/trattamenti/ricostruzione-unghie.html]
[www.centroesteticoeurmontagnola.it/trattamenti/epilazione.html]
[www.centroesteticoeurmontagnola.it/trattamenti/trattamenti-viso.html]
[www.centroesteticoeurmontagnola.it/trattamenti/trattamenti-corpo.html]
[www.centroesteticoeurmontagnola.it/trattamenti/extension.html]
[www.centroesteticoeurmontagnola.it/trattamenti/make-up.html]
[www.centroesteticoeurmontagnola.it/trattamenti/benessere.html]
[www.centroesteticoeurmontagnola.it/diet-fitness/fitness-wellness.html]
[www.centroesteticoeurmontagnola.it/diet-fitness/diet-e-wellness-coaching.html]
[www.centroesteticoeurmontagnola.it/images/monica_gizzi_dr_gimo.jpg]
[www.centroesteticoeurmontagnola.it/images/monica_gizzi_dr_gimo_dermopigmentazione_microblading_trucco_permanente.jpg]
[www.centroesteticoeurmontagnola.it/chi-siamo/dottoressa-monica-gizzi.html]
[www.centroesteticoeurmontagnola.it/images/about/3.png]
[www.centroesteticoeurmontagnola.it/images/icons/4.png]
[www.centroesteticoeurmontagnola.it/chi-siamo/images/icons/2.png]
[www.centroesteticoeurmontagnola.it/chi-siamo/drgimo-montagnola.html]
[www.centroesteticoeurmontagnola.it/images/gallery/1_centro_estetico_dr_gimo.jpg]
[www.centroesteticoeurmontagnola.it/images/gallery/2_centro_estetico_dr_gimo.jpg]
[www.centroesteticoeurmontagnola.it/images/gallery/3_centro_estetico_dr_gimo.jpg]
[www.centroesteticoeurmontagnola.it/images/gallery/4_centro_estetico_dr_gimo.jpg]
[www.centroesteticoeurmontagnola.it/images/gallery/trattamenti_dermopigmentazione_trucco_semipermanente_microblading_1.jpg]
[www.centroesteticoeurmontagnola.it/images/gallery/trattamenti_dermopigmentazione_trucco_semipermanente_microblading_2.jpg]
[www.centroesteticoeurmontagnola.it/images/gallery/trattamenti_dermopigmentazione_trucco_semipermanente_microblading_3.jpg]
[www.centroesteticoeurmontagnola.it/images/gallery/trattamenti_dermopigmentazione_trucco_semipermanente_microblading_4.jpg]
[www.centroesteticoeurmontagnola.it/images/gallery/trattamenti_dermopigmentazione_trucco_semipermanente_microblading_5.jpg]
[www.centroesteticoeurmontagnola.it/images/gallery/trattamenti_dermopigmentazione_trucco_semipermanente_microblading_6.jpg]
[www.centroesteticoeurmontagnola.it/gallery.html]
[www.centroesteticoeurmontagnola.it/images/services/trattamento_peeling_chimico.jpg]
[www.centroesteticoeurmontagnola.it/images/services/extension_infoltimento_ciglia.jpg]
[www.centroesteticoeurmontagnola.it/images/services/extension_laminazione_ciglia.jpg]
[www.centroesteticoeurmontagnola.it/images/services/trattamenti_viso_hydradermie.jpg]
[www.centroesteticoeurmontagnola.it/images/services/trattamenti_viso_hydralift_plus.jpg]
[www.centroesteticoeurmontagnola.it/images/services/trattamenti_viso_lift_summum.jpg]
[www.centroesteticoeurmontagnola.it/images/services/trattamenti_corpo_elettroscultura.jpg]
[www.centroesteticoeurmontagnola.it/images/services/trattamenti_corpo_technispa_drgimo.jpg]
[www.centroesteticoeurmontagnola.it/images/services/centro_massaggi_roma_dr_gimo_eur_montagnola_15.jpg]
[www.centroesteticoeurmontagnola.it/images/services/centro_massaggi_roma_dr_gimo_eur_montagnola_18.jpg]
[www.centroesteticoeurmontagnola.it/images/services/trattamenti_corpo_dimagrante_rhea.jpg]
[www.centroesteticoeurmontagnola.it/images/services/trattamenti_corpo_histomer_c30.jpg]
[www.centroesteticoeurmontagnola.it/images/services/ricostruzione_cartine_drgimo.jpg]
[www.centroesteticoeurmontagnola.it/images/services/semipermanente_nails.jpg]
[www.centroesteticoeurmontagnola.it/images/services/nails_elastic_gel.jpg]
[www.centroesteticoeurmontagnola.it/images/services/centro_massaggi_roma_dr_gimo_eur_montagnola_2.jpg]
[www.centroesteticoeurmontagnola.it/images/services/trattamenti_viso_hydraclean.jpg]
[www.centroesteticoeurmontagnola.it/images/services/trattamenti_viso_eye_logic.jpg]
[www.centroesteticoeurmontagnola.it/images/services/trattamento_pedicure_drgimo.jpg]
[www.centroesteticoeurmontagnola.it/promozioni.html]
[www.centroesteticoeurmontagnola.it/contattaci.html]
[www.centroesteticoeurmontagnola.it/trattamenti/epilazione-laser-diodo.html]
[www.centroesteticoeurmontagnola.it/trattamenti/tattoo-piercing.html]
[www.centroesteticoeurmontagnola.it/trattamenti/trucco-semipermanente.html]
[www.centroesteticoeurmontagnola.it/trattamenti/laser-diodo.html]
[www.centroesteticoeurmontagnola.it/trattamenti/nails.html]
[www.centroesteticoeurmontagnola.it/images/revicons90c6.svg]
[www.centroesteticoeurmontagnola.it/images/noun74be.svg]
[www.centroesteticoeurmontagnola.it/images/MakeOver220e.svg]
[www.centroesteticoeurmontagnola.it/images/lightcaseeead.svg]
[www.centroesteticoeurmontagnola.it/images/whatsapp.svg]
[www.centroesteticoeurmontagnola.it/chi-siamo/images/icons/2.html]
[www.centroesteticoeurmontagnola.it/images/services/trattamenti_corpo_endermology_lpg.html]
